// Jest Snapshot v1, https://goo.gl/fbAQLP

exports[`Entry accepts props and renders entries in directory 1`] = `
<DirectoryEntry>
  <Icon
    className="directory-entry-field"
    color="#0366d6"
    fileType="directory"
    key=".0"
  />
  <Name
    className="directory-entry-field"
    key=".1"
  >
    linky jr
  </Name>
  <LastSaved
    className="directory-entry-field"
    key=".2"
    lastModified={null}
    last_modified="Fri Jun 22 2018 00:15:55 GMT-0400 (Eastern Daylight Time)"
  />
</DirectoryEntry>
`;

exports[`Listing accepts props and renders entries in directory in a table 1`] = `undefined`;
